PS C:\Users\NB\Exercise Containers and Docker> docker network create mariadb_network
ef04f6288d69715d1ae3493dd7ae449be420e270827c9592eec61fe1f08955e5
PS C:\Users\NB\Exercise Containers and Docker> docker network ls
NETWORK ID     NAME                   DRIVER    SCOPE
4462f3c24930   bridge                 bridge    local
a56dc3e22efd   host                   host      local
ef04f6288d69   mariadb_network        bridge    local
e23d27e2cd29   none                   null      local
4510b3b35f58   wordpress_my_network   bridge    local
PS C:\Users\NB\Exercise Containers and Docker> docker run -d --name mariadb_server --network mariadb_network --env MARIADB_USER=softuni-user --env MARIADB_PASSWORD=softuni_password --env MARIADB_ROOT_PASSWORD=my-softuni_root_password mariadb:latest
Unable to find image 'mariadb:latest' locally
latest: Pulling from library/mariadb
1bc677758ad7: Already exists
196e1740aea4: Pull complete
3d4df0997938: Pull complete
9fa4e4184824: Pull complete
a134c78ed13c: Pull complete
d7cd475067d8: Pull complete
348ae7ff2d74: Pull complete
2e83ab58cb77: Pull complete
Digest: sha256:45c471b8cdb9e0282c131d0e26dc8fc808c5220570dae5de2a68b2172de8cae5
Status: Downloaded newer image for mariadb:latest
0ce4ed2771c7a5456a65b4fd4939ecfdf69fc779f8f7ee4b9f9eeaed62874418
PS C:\Users\NB\Exercise Containers and Docker> docker run -d --name mariadb_client --network mariadb_network --env MARIADB_ROOT_PASSWORD=test mariadb
PS C:\Users\NB\Exercise Containers and Docker> docker exec -it mariadb_client bash
root@4b76890b71e7:/# ps -ef
UID        PID  PPID  C STIME TTY          TIME CMD
mysql        1     0  0 08:27 ?        00:00:00 mariadbd
root       139     0  0 08:29 pts/0    00:00:00 bash
root       147   139  0 08:30 pts/0    00:00:00 ps -ef
root@4b76890b71e7:/# mariadb --help
root@4b76890b71e7:/# mariadb -h mariadb_server -u softuni_user -p
Enter password:
ERROR 1045 (28000): Access denied for user 'softuni_user'@'172.18.0.3' (using password: YES)
root@4b76890b71e7:/# mariadb -h mariadb_server -u softuni-user -p
Enter password:
Welcome to the MariaDB monitor.  Commands end with ; or \g.
Your MariaDB connection id is 5
Server version: 10.11.3-MariaDB-1:10.11.3+maria~ubu2204 mariadb.org binary distribution

Copyright (c) 2000, 2018, Oracle, MariaDB Corporation Ab and others.

Type 'help;' or '\h' for help. Type '\c' to clear the current input statement.

MariaDB [(none)]> exit
Bye
root@4b76890b71e7:/# mariadb -h mariadb_server -u softuni-user -p
Enter password:
ERROR 1045 (28000): Access denied for user 'softuni-user'@'172.18.0.3' (using password: YES
root@4b76890b71e7:/# mariadb -h mariadb_server -u softuni-user -p
Enter password:
ERROR 1045 (28000): Access denied for user 'softuni-user'@'172.18.0.3' (using password: YES)
root@4b76890b71e7:exit
Byeh: syntax error near unexpected token `('
root@4b76890b71e7:/# mariadb -h mariadb_server -u softuni-user -p
Enter password:
Welcome to the MariaDB monitor.  Commands end with ; or \g.ser -p
Your MariaDB connection id is 8
Server version: 10.11.3-MariaDB-1:10.11.3+maria~ubu2204 mariadb.org binary distribution
Your MariaDB connection id is 7
Copyright (c) 2000, 2018, Oracle, MariaDB Corporation Ab and others.binary distribution

Type 'help;' or '\h' for help. Type '\c' to clear the current input statement.

MariaDB [(none)]> select help. Type '\c' to clear the current input statement.
    -> version
    -> q[(none)]> SELSCT
    -> exit
    -> c
    -> help
    -> \h

General information about MariaDB can be found at
http://mariadb.org

List of all client commands:
Note that all text commands must be first on line and end with ';'
?         (\?) Synonym for `help'.
clear     (\c) Clear the current input statement.
connect   (\r) Reconnect to the server. Optional arguments are db and host.
delimiter (\d) Set statement delimiter.
edit      (\e) Edit command with $EDITOR.
ego       (\G) Send command to MariaDB server, display result vertically.
exit      (\q) Exit mysql. Same as quit.
go        (\g) Send command to MariaDB server.
help      (\h) Display this help.
nopager   (\n) Disable pager, print to stdout.
notee     (\t) Don't write into outfile.
pager     (\P) Set PAGER [to_pager]. Print the query results via PAGER.
print     (\p) Print current command.
prompt    (\R) Change your mysql prompt.
quit      (\q) Quit mysql.
rehash    (\#) Rebuild completion hash.
source    (\.) Execute an SQL script file. Takes a file name as an argument.
status    (\s) Get status information from the server.
system    (\!) Execute a system shell command.
tee       (\T) Set outfile [to_outfile]. Append everything into given outfile.
use       (\u) Use another database. Takes database name as argument.
charset   (\C) Switch to another charset. Might be needed for processing binlog with multi-byte charsets.
warnings  (\W) Show warnings after every statement.
nowarning (\w) Don't show warnings after every statement.

For server side help, type 'help contents'

    -> /c
    -> \c
MariaDB [(none)]> SELECT VERSION();
+-----------------------------------------+
| VERSION()                               |
+-----------------------------------------+
| 10.11.3-MariaDB-1:10.11.3+maria~ubu2204 |
+-----------------------------------------+
1 row in set (0.000 sec)

MariaDB [(none)]>